// Jest Snapshot v1, https://goo.gl/fbAQLP

exports[`<Introduction /> Renders correctly 1`] = `
<div
  className="ant-card ant-card-bordered"
>
  <div
    className="ant-card-body"
    style={Object {}}
  >
    This is a simple game to test your typing speed. To begin, select a text source below, then randomly generated text based on the source will appear. When you start typing a 60 second countdown begins, the aim is to type as many words as possible before time runs out. Input is not case-sensitive, and you must input a space between each completed word. To find out more about how this works, click
     
    <button
      className="ant-btn ant-btn-sm"
      onClick={[Function]}
      type="button"
    >
      <span>
        here
      </span>
    </button>
  </div>
</div>
`;
