// Jest Snapshot v1, https://goo.gl/fbAQLP

exports[`<Timer /> Renders correctly 1`] = `
<span>
  60
   seconds
</span>
`;
